// Vitest Snapshot v1, https://vitest.dev/guide/snapshot.html

exports[`workspace > generates flat eslint config 1`] = `
"import js from '@eslint/js';
import tseslint from 'typescript-eslint';
import nxPlugin from '@nx/eslint-plugin';
import importPlugin from 'eslint-plugin-import';
import securityPlugin from 'eslint-plugin-security';
import unicornPlugin from 'eslint-plugin-unicorn';
import prettierConfig from 'eslint-plugin-prettier/recommended';
import jestPlugin from 'eslint-plugin-jest';
import jestDomPlugin from 'eslint-plugin-jest-dom';
import jsxA11yPlugin from 'eslint-plugin-jsx-a11y';
import noUnsanitizedPlugin from 'eslint-plugin-no-unsanitized';
import globals from 'globals';

export default [
  // Global ignores
  {
    name: 'stacks/global-ignores',
    ignores: [
      '**/dist/',
      '**/node_modules/',
      '**/.nx/',
      '**/coverage/',
      '**/.next/',
      '**/tmp/',
      '**/build/',
    ],
  },

  // Base JS config
  {
    name: 'stacks/base-js',
    ...js.configs.recommended,
  },

  // TypeScript config
  ...tseslint.configs.recommended.map((config) => ({
    ...config,
    name: \`stacks/typescript/\${config.name || 'base'}\`,
  })),

  // Nx module boundaries
  {
    name: 'stacks/nx-boundaries',
    ignores: ['**/eslint.config.mjs'],
    plugins: { '@nx': nxPlugin },
    rules: {
      '@nx/enforce-module-boundaries': [
        'error',
        {
          enforceBuildableLibDependency: true,
          allow: [],
          depConstraints: [{ sourceTag: '*', onlyDependOnLibsWithTags: ['*'] }],
        },
      ],
    },
  },

  // Import plugin
  {
    name: 'stacks/import-rules',
    plugins: { import: importPlugin },
    settings: {
      'import/resolver': {
        typescript: {
          project: 'tsconfig.base.json',
        },
      },
    },
    rules: {
      ...importPlugin.configs.recommended.rules,
      'import/order': [
        'error',
        {
          groups: [
            ['builtin', 'external'],
            ['internal'],
            ['parent', 'sibling', 'index'],
          ],
          pathGroups: [
            {
              pattern: '@proj/**',
              group: 'internal',
            },
          ],
          alphabetize: { order: 'asc' },
          'newlines-between': 'always',
        },
      ],
      'import/no-extraneous-dependencies': 'off',
      'import/prefer-default-export': 'off',
      'import/extensions': [
        'error',
        'always',
        {
          ts: 'never',
          tsx: 'never',
          js: 'never',
          jsx: 'never',
        },
      ],
    },
  },

  // Security plugin
  {
    name: 'stacks/security-rules',
    plugins: { security: securityPlugin },
    rules: {
      ...securityPlugin.configs.recommended.rules,
      'security/detect-object-injection': 'off',
    },
  },

  // Unicorn plugin
  {
    name: 'stacks/unicorn-rules',
    plugins: { unicorn: unicornPlugin },
    rules: {
      ...unicornPlugin.configs['flat/recommended'].rules,
      'unicorn/no-array-reduce': 'off',
      'unicorn/no-null': 'off',
      'unicorn/prefer-module': 'off',
      'unicorn/filename-case': 'off',
      'unicorn/no-array-for-each': 'off',
      'unicorn/no-for-loop': 'off',
      'unicorn/prefer-node-protocol': 'off',
      'unicorn/prevent-abbreviations': [
        'error',
        {
          allowList: {
            getServerSideProps: true,
            getStaticProps: true,
          },
          replacements: {
            env: { environment: false },
          },
        },
      ],
    },
  },

  // JSX A11y plugin
  {
    name: 'stacks/jsx-a11y-rules',
    plugins: { 'jsx-a11y': jsxA11yPlugin },
    rules: {
      ...jsxA11yPlugin.configs.recommended.rules,
    },
  },

  // No Unsanitized plugin
  {
    name: 'stacks/no-unsanitized-rules',
    plugins: { 'no-unsanitized': noUnsanitizedPlugin },
    rules: {
      ...noUnsanitizedPlugin.configs['recommended-legacy'].rules,
    },
  },

  // Prettier integration (must be last in plugin configs)
  prettierConfig,

  // TypeScript-specific rules
  {
    name: 'stacks/typescript-rules',
    files: ['**/*.ts', '**/*.tsx'],
    languageOptions: {
      parser: tseslint.parser,
      parserOptions: {
        projectService: true,
      },
      globals: {
        ...globals.node,
      },
    },
    rules: {
      '@typescript-eslint/no-var-requires': 'off',
      '@typescript-eslint/no-empty-function': 'off',
      '@typescript-eslint/no-explicit-any': 'off',
      '@typescript-eslint/ban-ts-comment': 'off',
      '@typescript-eslint/no-unsafe-call': 'off',
      '@typescript-eslint/no-unsafe-assignment': 'off',
      '@typescript-eslint/no-unsafe-member-access': 'off',
      '@typescript-eslint/explicit-function-return-type': 'off',
      '@typescript-eslint/interface-name-prefix': 'off',
      '@typescript-eslint/no-use-before-define': 'error',
      '@typescript-eslint/no-unused-vars': 'off',
      '@typescript-eslint/no-shadow': 'error',
      'no-shadow': 'off',
      'no-use-before-define': 'off',
      'no-console': 'off',
      'no-duplicate-imports': 'error',
      'no-irregular-whitespace': 'error',
      'no-restricted-exports': 'off',
    },
  },

  // Test files
  {
    name: 'stacks/test-files',
    files: ['**/*.spec.ts', '**/*.spec.tsx', '**/*.test.ts', '**/*.test.tsx'],
    plugins: {
      jest: jestPlugin,
      'jest-dom': jestDomPlugin,
    },
    languageOptions: {
      globals: {
        ...globals.jest,
      },
    },
    rules: {
      ...jestPlugin.configs.recommended.rules,
      ...jestDomPlugin.configs.recommended.rules,
      'jest/expect-expect': [
        'error',
        {
          assertFunctionNames: ['expect', 'cy.**.should', '**.contains'],
        },
      ],
    },
  },

  // JSON files
  {
    name: 'stacks/json-files',
    files: ['**/*.json'],
    languageOptions: {
      parser: await import('jsonc-eslint-parser'),
    },
    rules: {
      'unicorn/prevent-abbreviations': 'off',
    },
  },

  // Jest config files - disable abusive eslint-disable rule
  {
    name: 'stacks/jest-config',
    files: ['**/jest.config.ts'],
    rules: {
      'unicorn/no-abusive-eslint-disable': 'off',
    },
  },
];
"
`;
